apiVersion: external-secrets.io/v1alpha1
kind: ClusterSecretStore
metadata:
  creationTimestamp: null
  name: secretsmanager-secretstore-autogen-xvlbzgba
  namespace: kes-ns
spec:
  controller: ""
  provider:
    aws:
      auth: {}
      region: eu-west-1
      role: arn:aws:iam::123412341234:role/let-other-account-access-secrets
      service: SecretsManager
status:
  conditions: null
